Archive member included to satisfy reference by file (symbol)

c:/program files (x86)/atmel/studio/7.0/toolchain/avr8/avr8-gnu-toolchain/bin/../lib/gcc/avr/5.4.0/avrxmega7\libgcc.a(_exit.o)
                              C:/Program Files (x86)/Atmel/Studio/7.0/Packs/atmel/XMEGAA_DFP/1.3.146/gcc/dev/atxmega128a1u/avrxmega7/crtatxmega128a1u.o (exit)
c:/program files (x86)/atmel/studio/7.0/toolchain/avr8/avr8-gnu-toolchain/bin/../lib/gcc/avr/5.4.0/avrxmega7\libgcc.a(_clear_bss.o)
                              main.o (__do_clear_bss)

Allocating common symbols
Common symbol       size              file

x                   0x2               main.o
x_axis_h            0x1               main.o
z_axis_l            0x1               main.o
z                   0x2               main.o
y_axis_l            0x1               main.o
x_axis_l            0x1               main.o
y                   0x2               main.o
z_axis_h            0x1               main.o
y_axis_h            0x1               main.o

Discarded input sections

 .data          0x00000000        0x0 C:/Program Files (x86)/Atmel/Studio/7.0/Packs/atmel/XMEGAA_DFP/1.3.146/gcc/dev/atxmega128a1u/avrxmega7/crtatxmega128a1u.o
 .bss           0x00000000        0x0 C:/Program Files (x86)/Atmel/Studio/7.0/Packs/atmel/XMEGAA_DFP/1.3.146/gcc/dev/atxmega128a1u/avrxmega7/crtatxmega128a1u.o
 .text          0x00000000        0x0 lsm6dsl.o
 .data          0x00000000        0x0 lsm6dsl.o
 .bss           0x00000000        0x0 lsm6dsl.o
 .text          0x00000000        0x0 main.o
 .data          0x00000000        0x0 main.o
 .bss           0x00000000        0x0 main.o
 .text          0x00000000        0x0 spi.o
 .data          0x00000000        0x0 spi.o
 .bss           0x00000000        0x0 spi.o
 .text          0x00000000        0x0 usart.o
 .data          0x00000000        0x0 usart.o
 .bss           0x00000000        0x0 usart.o
 .text.usartd0_in_char
                0x00000000        0x2 usart.o
 .text.usartd0_in_string
                0x00000000        0x2 usart.o
 .text.usartd0_out_string
                0x00000000       0x1a usart.o
 .text          0x00000000        0x0 c:/program files (x86)/atmel/studio/7.0/toolchain/avr8/avr8-gnu-toolchain/bin/../lib/gcc/avr/5.4.0/avrxmega7\libgcc.a(_exit.o)
 .data          0x00000000        0x0 c:/program files (x86)/atmel/studio/7.0/toolchain/avr8/avr8-gnu-toolchain/bin/../lib/gcc/avr/5.4.0/avrxmega7\libgcc.a(_exit.o)
 .bss           0x00000000        0x0 c:/program files (x86)/atmel/studio/7.0/toolchain/avr8/avr8-gnu-toolchain/bin/../lib/gcc/avr/5.4.0/avrxmega7\libgcc.a(_exit.o)
 .text.libgcc.mul
                0x00000000        0x0 c:/program files (x86)/atmel/studio/7.0/toolchain/avr8/avr8-gnu-toolchain/bin/../lib/gcc/avr/5.4.0/avrxmega7\libgcc.a(_exit.o)
 .text.libgcc.div
                0x00000000        0x0 c:/program files (x86)/atmel/studio/7.0/toolchain/avr8/avr8-gnu-toolchain/bin/../lib/gcc/avr/5.4.0/avrxmega7\libgcc.a(_exit.o)
 .text.libgcc   0x00000000        0x0 c:/program files (x86)/atmel/studio/7.0/toolchain/avr8/avr8-gnu-toolchain/bin/../lib/gcc/avr/5.4.0/avrxmega7\libgcc.a(_exit.o)
 .text.libgcc.prologue
                0x00000000        0x0 c:/program files (x86)/atmel/studio/7.0/toolchain/avr8/avr8-gnu-toolchain/bin/../lib/gcc/avr/5.4.0/avrxmega7\libgcc.a(_exit.o)
 .text.libgcc.builtins
                0x00000000        0x0 c:/program files (x86)/atmel/studio/7.0/toolchain/avr8/avr8-gnu-toolchain/bin/../lib/gcc/avr/5.4.0/avrxmega7\libgcc.a(_exit.o)
 .text.libgcc.fmul
                0x00000000        0x0 c:/program files (x86)/atmel/studio/7.0/toolchain/avr8/avr8-gnu-toolchain/bin/../lib/gcc/avr/5.4.0/avrxmega7\libgcc.a(_exit.o)
 .text.libgcc.fixed
                0x00000000        0x0 c:/program files (x86)/atmel/studio/7.0/toolchain/avr8/avr8-gnu-toolchain/bin/../lib/gcc/avr/5.4.0/avrxmega7\libgcc.a(_exit.o)
 .text          0x00000000        0x0 c:/program files (x86)/atmel/studio/7.0/toolchain/avr8/avr8-gnu-toolchain/bin/../lib/gcc/avr/5.4.0/avrxmega7\libgcc.a(_clear_bss.o)
 .data          0x00000000        0x0 c:/program files (x86)/atmel/studio/7.0/toolchain/avr8/avr8-gnu-toolchain/bin/../lib/gcc/avr/5.4.0/avrxmega7\libgcc.a(_clear_bss.o)
 .bss           0x00000000        0x0 c:/program files (x86)/atmel/studio/7.0/toolchain/avr8/avr8-gnu-toolchain/bin/../lib/gcc/avr/5.4.0/avrxmega7\libgcc.a(_clear_bss.o)
 .text.libgcc.mul
                0x00000000        0x0 c:/program files (x86)/atmel/studio/7.0/toolchain/avr8/avr8-gnu-toolchain/bin/../lib/gcc/avr/5.4.0/avrxmega7\libgcc.a(_clear_bss.o)
 .text.libgcc.div
                0x00000000        0x0 c:/program files (x86)/atmel/studio/7.0/toolchain/avr8/avr8-gnu-toolchain/bin/../lib/gcc/avr/5.4.0/avrxmega7\libgcc.a(_clear_bss.o)
 .text.libgcc   0x00000000        0x0 c:/program files (x86)/atmel/studio/7.0/toolchain/avr8/avr8-gnu-toolchain/bin/../lib/gcc/avr/5.4.0/avrxmega7\libgcc.a(_clear_bss.o)
 .text.libgcc.prologue
                0x00000000        0x0 c:/program files (x86)/atmel/studio/7.0/toolchain/avr8/avr8-gnu-toolchain/bin/../lib/gcc/avr/5.4.0/avrxmega7\libgcc.a(_clear_bss.o)
 .text.libgcc.builtins
                0x00000000        0x0 c:/program files (x86)/atmel/studio/7.0/toolchain/avr8/avr8-gnu-toolchain/bin/../lib/gcc/avr/5.4.0/avrxmega7\libgcc.a(_clear_bss.o)
 .text.libgcc.fmul
                0x00000000        0x0 c:/program files (x86)/atmel/studio/7.0/toolchain/avr8/avr8-gnu-toolchain/bin/../lib/gcc/avr/5.4.0/avrxmega7\libgcc.a(_clear_bss.o)
 .text.libgcc.fixed
                0x00000000        0x0 c:/program files (x86)/atmel/studio/7.0/toolchain/avr8/avr8-gnu-toolchain/bin/../lib/gcc/avr/5.4.0/avrxmega7\libgcc.a(_clear_bss.o)

Memory Configuration

Name             Origin             Length             Attributes
text             0x00000000         0x00022000         xr
data             0x00802000         0x00002000         rw !x
eeprom           0x00810000         0x00000800         rw !x
fuse             0x00820000         0x00000006         rw !x
lock             0x00830000         0x00000400         rw !x
signature        0x00840000         0x00000400         rw !x
user_signatures  0x00850000         0x00000400         rw !x
*default*        0x00000000         0xffffffff

Linker script and memory map

LOAD C:/Program Files (x86)/Atmel/Studio/7.0/Packs/atmel/XMEGAA_DFP/1.3.146/gcc/dev/atxmega128a1u/avrxmega7/crtatxmega128a1u.o
LOAD lsm6dsl.o
LOAD main.o
LOAD spi.o
LOAD usart.o
START GROUP
LOAD c:/program files (x86)/atmel/studio/7.0/toolchain/avr8/avr8-gnu-toolchain/bin/../lib/gcc/avr/5.4.0/../../../../avr/lib/avrxmega7\libm.a
END GROUP
START GROUP
LOAD c:/program files (x86)/atmel/studio/7.0/toolchain/avr8/avr8-gnu-toolchain/bin/../lib/gcc/avr/5.4.0/avrxmega7\libgcc.a
LOAD c:/program files (x86)/atmel/studio/7.0/toolchain/avr8/avr8-gnu-toolchain/bin/../lib/gcc/avr/5.4.0/../../../../avr/lib/avrxmega7\libm.a
LOAD c:/program files (x86)/atmel/studio/7.0/toolchain/avr8/avr8-gnu-toolchain/bin/../lib/gcc/avr/5.4.0/../../../../avr/lib/avrxmega7\libc.a
LOAD C:/Program Files (x86)/Atmel/Studio/7.0/Packs/atmel/XMEGAA_DFP/1.3.146/gcc/dev/atxmega128a1u/avrxmega7\libatxmega128a1u.a
END GROUP
                [0x00000000]                __TEXT_REGION_ORIGIN__ = DEFINED (__TEXT_REGION_ORIGIN__)?__TEXT_REGION_ORIGIN__:0x0
                [0x00802000]                __DATA_REGION_ORIGIN__ = DEFINED (__DATA_REGION_ORIGIN__)?__DATA_REGION_ORIGIN__:0x802000
                [0x00022000]                __TEXT_REGION_LENGTH__ = DEFINED (__TEXT_REGION_LENGTH__)?__TEXT_REGION_LENGTH__:0x100000
                [0x00002000]                __DATA_REGION_LENGTH__ = DEFINED (__DATA_REGION_LENGTH__)?__DATA_REGION_LENGTH__:0xffa0
                [0x00000800]                __EEPROM_REGION_LENGTH__ = DEFINED (__EEPROM_REGION_LENGTH__)?__EEPROM_REGION_LENGTH__:0x10000
                [0x00000006]                __FUSE_REGION_LENGTH__ = DEFINED (__FUSE_REGION_LENGTH__)?__FUSE_REGION_LENGTH__:0x400
                0x00000400                __LOCK_REGION_LENGTH__ = DEFINED (__LOCK_REGION_LENGTH__)?__LOCK_REGION_LENGTH__:0x400
                0x00000400                __SIGNATURE_REGION_LENGTH__ = DEFINED (__SIGNATURE_REGION_LENGTH__)?__SIGNATURE_REGION_LENGTH__:0x400
                0x00000400                __USER_SIGNATURE_REGION_LENGTH__ = DEFINED (__USER_SIGNATURE_REGION_LENGTH__)?__USER_SIGNATURE_REGION_LENGTH__:0x400

.hash
 *(.hash)

.dynsym
 *(.dynsym)

.dynstr
 *(.dynstr)

.gnu.version
 *(.gnu.version)

.gnu.version_d
 *(.gnu.version_d)

.gnu.version_r
 *(.gnu.version_r)

.rel.init
 *(.rel.init)

.rela.init
 *(.rela.init)

.rel.text
 *(.rel.text)
 *(.rel.text.*)
 *(.rel.gnu.linkonce.t*)

.rela.text
 *(.rela.text)
 *(.rela.text.*)
 *(.rela.gnu.linkonce.t*)

.rel.fini
 *(.rel.fini)

.rela.fini
 *(.rela.fini)

.rel.rodata
 *(.rel.rodata)
 *(.rel.rodata.*)
 *(.rel.gnu.linkonce.r*)

.rela.rodata
 *(.rela.rodata)
 *(.rela.rodata.*)
 *(.rela.gnu.linkonce.r*)

.rel.data
 *(.rel.data)
 *(.rel.data.*)
 *(.rel.gnu.linkonce.d*)

.rela.data
 *(.rela.data)
 *(.rela.data.*)
 *(.rela.gnu.linkonce.d*)

.rel.ctors
 *(.rel.ctors)

.rela.ctors
 *(.rela.ctors)

.rel.dtors
 *(.rel.dtors)

.rela.dtors
 *(.rela.dtors)

.rel.got
 *(.rel.got)

.rela.got
 *(.rela.got)

.rel.bss
 *(.rel.bss)

.rela.bss
 *(.rela.bss)

.rel.plt
 *(.rel.plt)

.rela.plt
 *(.rela.plt)

.text           0x00000000      0x648
 *(.vectors)
 .vectors       0x00000000      0x1fc C:/Program Files (x86)/Atmel/Studio/7.0/Packs/atmel/XMEGAA_DFP/1.3.146/gcc/dev/atxmega128a1u/avrxmega7/crtatxmega128a1u.o
                0x00000000                __vector_default
                0x00000000                __vectors
 *(.vectors)
 *(.progmem.gcc*)
                0x000001fc                . = ALIGN (0x2)
                0x000001fc                __trampolines_start = .
 *(.trampolines)
 .trampolines   0x000001fc        0x0 linker stubs
 *(.trampolines*)
                0x000001fc                __trampolines_end = .
 *libprintf_flt.a:*(.progmem.data)
 *libc.a:*(.progmem.data)
 *(.progmem*)
                0x000001fc                . = ALIGN (0x2)
 *(.jumptables)
 *(.jumptables*)
 *(.lowtext)
 *(.lowtext*)
                0x000001fc                __ctors_start = .
 *(.ctors)
                0x000001fc                __ctors_end = .
                0x000001fc                __dtors_start = .
 *(.dtors)
                0x000001fc                __dtors_end = .
 SORT(*)(.ctors)
 SORT(*)(.dtors)
 *(.init0)
 .init0         0x000001fc        0x0 C:/Program Files (x86)/Atmel/Studio/7.0/Packs/atmel/XMEGAA_DFP/1.3.146/gcc/dev/atxmega128a1u/avrxmega7/crtatxmega128a1u.o
                0x000001fc                __init
 *(.init0)
 *(.init1)
 *(.init1)
 *(.init2)
 .init2         0x000001fc       0x18 C:/Program Files (x86)/Atmel/Studio/7.0/Packs/atmel/XMEGAA_DFP/1.3.146/gcc/dev/atxmega128a1u/avrxmega7/crtatxmega128a1u.o
 *(.init2)
 *(.init3)
 *(.init3)
 *(.init4)
 .init4         0x00000214       0x10 c:/program files (x86)/atmel/studio/7.0/toolchain/avr8/avr8-gnu-toolchain/bin/../lib/gcc/avr/5.4.0/avrxmega7\libgcc.a(_clear_bss.o)
                0x00000214                __do_clear_bss
 *(.init4)
 *(.init5)
 *(.init5)
 *(.init6)
 *(.init6)
 *(.init7)
 *(.init7)
 *(.init8)
 *(.init8)
 *(.init9)
 .init9         0x00000224        0x8 C:/Program Files (x86)/Atmel/Studio/7.0/Packs/atmel/XMEGAA_DFP/1.3.146/gcc/dev/atxmega128a1u/avrxmega7/crtatxmega128a1u.o
 *(.init9)
 *(.text)
 .text          0x0000022c        0x4 C:/Program Files (x86)/Atmel/Studio/7.0/Packs/atmel/XMEGAA_DFP/1.3.146/gcc/dev/atxmega128a1u/avrxmega7/crtatxmega128a1u.o
                0x0000022c                __vector_38
                0x0000022c                __vector_104
                0x0000022c                __vector_22
                0x0000022c                __vector_63
                0x0000022c                __vector_28
                0x0000022c                __vector_67
                0x0000022c                __vector_1
                0x0000022c                __vector_119
                0x0000022c                __vector_32
                0x0000022c                __vector_75
                0x0000022c                __vector_71
                0x0000022c                __vector_91
                0x0000022c                __vector_34
                0x0000022c                __vector_62
                0x0000022c                __vector_77
                0x0000022c                __vector_102
                0x0000022c                __vector_24
                0x0000022c                __vector_12
                0x0000022c                __vector_55
                0x0000022c                __vector_69
                0x0000022c                __vector_81
                0x0000022c                __vector_90
                0x0000022c                __vector_46
                0x0000022c                __bad_interrupt
                0x0000022c                __vector_122
                0x0000022c                __vector_72
                0x0000022c                __vector_114
                0x0000022c                __vector_6
                0x0000022c                __vector_110
                0x0000022c                __vector_31
                0x0000022c                __vector_92
                0x0000022c                __vector_35
                0x0000022c                __vector_78
                0x0000022c                __vector_74
                0x0000022c                __vector_117
                0x0000022c                __vector_39
                0x0000022c                __vector_107
                0x0000022c                __vector_3
                0x0000022c                __vector_105
                0x0000022c                __vector_98
                0x0000022c                __vector_23
                0x0000022c                __vector_68
                0x0000022c                __vector_30
                0x0000022c                __vector_73
                0x0000022c                __vector_45
                0x0000022c                __vector_25
                0x0000022c                __vector_93
                0x0000022c                __vector_61
                0x0000022c                __vector_11
                0x0000022c                __vector_54
                0x0000022c                __vector_99
                0x0000022c                __vector_13
                0x0000022c                __vector_17
                0x0000022c                __vector_19
                0x0000022c                __vector_56
                0x0000022c                __vector_7
                0x0000022c                __vector_125
                0x0000022c                __vector_49
                0x0000022c                __vector_123
                0x0000022c                __vector_41
                0x0000022c                __vector_86
                0x0000022c                __vector_100
                0x0000022c                __vector_101
                0x0000022c                __vector_64
                0x0000022c                __vector_88
                0x0000022c                __vector_109
                0x0000022c                __vector_43
                0x0000022c                __vector_27
                0x0000022c                __vector_5
                0x0000022c                __vector_113
                0x0000022c                __vector_33
                0x0000022c                __vector_76
                0x0000022c                __vector_115
                0x0000022c                __vector_47
                0x0000022c                __vector_52
                0x0000022c                __vector_37
                0x0000022c                __vector_95
                0x0000022c                __vector_103
                0x0000022c                __vector_96
                0x0000022c                __vector_89
                0x0000022c                __vector_108
                0x0000022c                __vector_4
                0x0000022c                __vector_44
                0x0000022c                __vector_82
                0x0000022c                __vector_106
                0x0000022c                __vector_118
                0x0000022c                __vector_51
                0x0000022c                __vector_9
                0x0000022c                __vector_21
                0x0000022c                __vector_15
                0x0000022c                __vector_66
                0x0000022c                __vector_36
                0x0000022c                __vector_79
                0x0000022c                __vector_58
                0x0000022c                __vector_70
                0x0000022c                __vector_83
                0x0000022c                __vector_29
                0x0000022c                __vector_60
                0x0000022c                __vector_121
                0x0000022c                __vector_40
                0x0000022c                __vector_85
                0x0000022c                __vector_94
                0x0000022c                __vector_126
                0x0000022c                __vector_8
                0x0000022c                __vector_26
                0x0000022c                __vector_48
                0x0000022c                __vector_124
                0x0000022c                __vector_116
                0x0000022c                __vector_112
                0x0000022c                __vector_111
                0x0000022c                __vector_80
                0x0000022c                __vector_84
                0x0000022c                __vector_57
                0x0000022c                __vector_53
                0x0000022c                __vector_10
                0x0000022c                __vector_50
                0x0000022c                __vector_16
                0x0000022c                __vector_59
                0x0000022c                __vector_18
                0x0000022c                __vector_97
                0x0000022c                __vector_20
                0x0000022c                __vector_42
                0x0000022c                __vector_87
                0x0000022c                __vector_65
                0x0000022c                __vector_120
                0x00000230                . = ALIGN (0x2)
 *(.text.*)
 .text.LSM_write
                0x00000230       0x28 lsm6dsl.o
                0x00000230                LSM_write
 .text.LSM_read
                0x00000258       0x22 lsm6dsl.o
                0x00000258                LSM_read
 .text.LSM_init
                0x0000027a       0x52 lsm6dsl.o
                0x0000027a                LSM_init
 .text.transmit
                0x000002cc        0x6 main.o
                0x000002cc                transmit
 .text.dac_init
                0x000002d2       0x10 main.o
                0x000002d2                dac_init
 .text.tcc0_init
                0x000002e2       0x1a main.o
                0x000002e2                tcc0_init
 .text.main     0x000002fc      0x286 main.o
                0x000002fc                main
 .text.__vector_2
                0x00000582       0x2a main.o
                0x00000582                __vector_2
 .text.__vector_14
                0x000005ac       0x28 main.o
                0x000005ac                __vector_14
 .text.spi_init
                0x000005d4       0x1c spi.o
                0x000005d4                spi_init
 .text.spi_write
                0x000005f0        0xe spi.o
                0x000005f0                spi_write
 .text.spi_read
                0x000005fe       0x14 spi.o
                0x000005fe                spi_read
 .text.usartd0_init
                0x00000612       0x24 usart.o
                0x00000612                usartd0_init
 .text.usartd0_out_char
                0x00000636        0xe usart.o
                0x00000636                usartd0_out_char
                0x00000644                . = ALIGN (0x2)
 *(.fini9)
 .fini9         0x00000644        0x0 c:/program files (x86)/atmel/studio/7.0/toolchain/avr8/avr8-gnu-toolchain/bin/../lib/gcc/avr/5.4.0/avrxmega7\libgcc.a(_exit.o)
                0x00000644                _exit
                0x00000644                exit
 *(.fini9)
 *(.fini8)
 *(.fini8)
 *(.fini7)
 *(.fini7)
 *(.fini6)
 *(.fini6)
 *(.fini5)
 *(.fini5)
 *(.fini4)
 *(.fini4)
 *(.fini3)
 *(.fini3)
 *(.fini2)
 *(.fini2)
 *(.fini1)
 *(.fini1)
 *(.fini0)
 .fini0         0x00000644        0x4 c:/program files (x86)/atmel/studio/7.0/toolchain/avr8/avr8-gnu-toolchain/bin/../lib/gcc/avr/5.4.0/avrxmega7\libgcc.a(_exit.o)
 *(.fini0)
                0x00000648                _etext = .

.data           0x00802000        0x0 load address 0x00000648
                [!provide]                PROVIDE (__data_start, .)
 *(.data)
 *(.data*)
 *(.gnu.linkonce.d*)
 *(.rodata)
 *(.rodata*)
 *(.gnu.linkonce.r*)
                0x00802000                . = ALIGN (0x2)
                0x00802000                _edata = .
                [!provide]                PROVIDE (__data_end, .)

.bss            0x00802000        0xd
                0x00802000                PROVIDE (__bss_start, .)
 *(.bss)
 *(.bss*)
 .bss.accel_flag
                0x00802000        0x1 main.o
                0x00802000                accel_flag
 *(COMMON)
 COMMON         0x00802001        0xc main.o
                0x00802001                x
                0x00802003                x_axis_h
                0x00802004                z_axis_l
                0x00802005                z
                0x00802007                y_axis_l
                0x00802008                x_axis_l
                0x00802009                y
                0x0080200b                z_axis_h
                0x0080200c                y_axis_h
                0x0080200d                PROVIDE (__bss_end, .)
                0x00000648                __data_load_start = LOADADDR (.data)
                0x00000648                __data_load_end = (__data_load_start + SIZEOF (.data))

.noinit         0x0080200d        0x0
                [!provide]                PROVIDE (__noinit_start, .)
 *(.noinit*)
                [!provide]                PROVIDE (__noinit_end, .)
                0x0080200d                _end = .
                [!provide]                PROVIDE (__heap_start, .)

.eeprom         0x00810000        0x0
 *(.eeprom*)
                0x00810000                __eeprom_end = .

.fuse
 *(.fuse)
 *(.lfuse)
 *(.hfuse)
 *(.efuse)

.lock
 *(.lock*)

.signature
 *(.signature*)

.user_signatures
 *(.user_signatures*)

.stab
 *(.stab)

.stabstr
 *(.stabstr)

.stab.excl
 *(.stab.excl)

.stab.exclstr
 *(.stab.exclstr)

.stab.index
 *(.stab.index)

.stab.indexstr
 *(.stab.indexstr)

.comment        0x00000000       0x30
 *(.comment)
 .comment       0x00000000       0x30 lsm6dsl.o
                                 0x31 (size before relaxing)
 .comment       0x00000030       0x31 main.o
 .comment       0x00000030       0x31 spi.o
 .comment       0x00000030       0x31 usart.o

.note.gnu.avr.deviceinfo
                0x00000000       0x40
 .note.gnu.avr.deviceinfo
                0x00000000       0x40 C:/Program Files (x86)/Atmel/Studio/7.0/Packs/atmel/XMEGAA_DFP/1.3.146/gcc/dev/atxmega128a1u/avrxmega7/crtatxmega128a1u.o

.note.gnu.build-id
 *(.note.gnu.build-id)

.debug
 *(.debug)

.line
 *(.line)

.debug_srcinfo
 *(.debug_srcinfo)

.debug_sfnames
 *(.debug_sfnames)

.debug_aranges  0x00000000       0xe8
 *(.debug_aranges)
 .debug_aranges
                0x00000000       0x30 lsm6dsl.o
 .debug_aranges
                0x00000030       0x48 main.o
 .debug_aranges
                0x00000078       0x30 spi.o
 .debug_aranges
                0x000000a8       0x40 usart.o

.debug_pubnames
 *(.debug_pubnames)

.debug_info     0x00000000     0x5ce0
 *(.debug_info .gnu.linkonce.wi.*)
 .debug_info    0x00000000     0x3e5a C:/Program Files (x86)/Atmel/Studio/7.0/Packs/atmel/XMEGAA_DFP/1.3.146/gcc/dev/atxmega128a1u/avrxmega7/crtatxmega128a1u.o
 .debug_info    0x00003e5a      0x673 lsm6dsl.o
 .debug_info    0x000044cd     0x10ee main.o
 .debug_info    0x000055bb      0x323 spi.o
 .debug_info    0x000058de      0x402 usart.o

.debug_abbrev   0x00000000     0x40be
 *(.debug_abbrev)
 .debug_abbrev  0x00000000     0x3b0e C:/Program Files (x86)/Atmel/Studio/7.0/Packs/atmel/XMEGAA_DFP/1.3.146/gcc/dev/atxmega128a1u/avrxmega7/crtatxmega128a1u.o
 .debug_abbrev  0x00003b0e      0x173 lsm6dsl.o
 .debug_abbrev  0x00003c81      0x1f7 main.o
 .debug_abbrev  0x00003e78      0x101 spi.o
 .debug_abbrev  0x00003f79      0x145 usart.o

.debug_line     0x00000000      0xbd8
 *(.debug_line .debug_line.* .debug_line_end)
 .debug_line    0x00000000      0x3b5 C:/Program Files (x86)/Atmel/Studio/7.0/Packs/atmel/XMEGAA_DFP/1.3.146/gcc/dev/atxmega128a1u/avrxmega7/crtatxmega128a1u.o
 .debug_line    0x000003b5      0x1cc lsm6dsl.o
 .debug_line    0x00000581      0x348 main.o
 .debug_line    0x000008c9      0x16d spi.o
 .debug_line    0x00000a36      0x1a2 usart.o

.debug_frame    0x00000000      0x1b0
 *(.debug_frame)
 .debug_frame   0x00000000       0x68 lsm6dsl.o
 .debug_frame   0x00000068       0x94 main.o
 .debug_frame   0x000000fc       0x44 spi.o
 .debug_frame   0x00000140       0x70 usart.o

.debug_str      0x00000000     0x3841
 *(.debug_str)
 .debug_str     0x00000000     0x2969 C:/Program Files (x86)/Atmel/Studio/7.0/Packs/atmel/XMEGAA_DFP/1.3.146/gcc/dev/atxmega128a1u/avrxmega7/crtatxmega128a1u.o
 .debug_str     0x00002969      0x801 lsm6dsl.o
                                0x842 (size before relaxing)
 .debug_str     0x0000316a      0x460 main.o
                                0xb7a (size before relaxing)
 .debug_str     0x000035ca       0xd1 spi.o
                                0x345 (size before relaxing)
 .debug_str     0x0000369b      0x1a6 usart.o
                                0x429 (size before relaxing)

.debug_loc      0x00000000      0x203
 *(.debug_loc)
 .debug_loc     0x00000000       0xf3 lsm6dsl.o
 .debug_loc     0x000000f3       0x99 main.o
 .debug_loc     0x0000018c       0x20 spi.o
 .debug_loc     0x000001ac       0x57 usart.o

.debug_macinfo
 *(.debug_macinfo)

.debug_weaknames
 *(.debug_weaknames)

.debug_funcnames
 *(.debug_funcnames)

.debug_typenames
 *(.debug_typenames)

.debug_varnames
 *(.debug_varnames)

.debug_pubtypes
 *(.debug_pubtypes)

.debug_ranges   0x00000000       0xa8
 *(.debug_ranges)
 .debug_ranges  0x00000000       0x20 lsm6dsl.o
 .debug_ranges  0x00000020       0x38 main.o
 .debug_ranges  0x00000058       0x20 spi.o
 .debug_ranges  0x00000078       0x30 usart.o

.debug_macro
 *(.debug_macro)
OUTPUT(Practical2.elf elf32-avr)
LOAD linker stubs
